// Jest Snapshot v1, https://goo.gl/fbAQLP

exports[`Navbar matches snapshot 1`] = `
<DocumentFragment>
  <nav
    class="navbar"
  >
    <h1>
      ~ Math Magician ~
    </h1>
    <ul>
      <li>
        <a
          aria-current="page"
          class="nav-link active"
          href="/"
        >
          Home
        </a>
      </li>
      <li>
        <a
          class="nav-link"
          href="/calculator"
        >
          Calculator
        </a>
      </li>
      <li>
        <a
          class="nav-link"
          href="/quote"
        >
          Quote
        </a>
      </li>
    </ul>
  </nav>
</DocumentFragment>
`;
